Copyright 1986-2017 Xilinx, Inc. All Rights Reserved.
------------------------------------------------------------------------------------
| Tool Version : Vivado v.2017.3 (win64) Build 2018833 Wed Oct  4 19:58:22 MDT 2017
| Date         : Fri Oct 27 01:01:57 2017
| Host         : Tenke-Torgeir running 64-bit major release  (build 9200)
| Command      : report_control_sets -file RSACore_control_sets_placed.rpt
| Design       : RSACore
| Device       : xc7z030
------------------------------------------------------------------------------------

Control Set Information

Table of Contents
-----------------
1. Summary
2. Flip-Flop Distribution

1. Summary
----------

+-------------------------------+-------+
|             Status            | Count |
+-------------------------------+-------+
| Number of unique control sets |   397 |
+-------------------------------+-------+


2. Flip-Flop Distribution
-------------------------

+--------------+-----------------------+------------------------+-----------------+--------------+
| Clock Enable | Synchronous Set/Reset | Asynchronous Set/Reset | Total Registers | Total Slices |
+--------------+-----------------------+------------------------+-----------------+--------------+
| No           | No                    | No                     |             130 |           27 |
| No           | No                    | Yes                    |             262 |          172 |
| No           | Yes                   | No                     |             402 |          202 |
| Yes          | No                    | No                     |             928 |          264 |
| Yes          | No                    | Yes                    |             140 |          134 |
| Yes          | Yes                   | No                     |               0 |            0 |
+--------------+-----------------------+------------------------+-----------------+--------------+


