#-----------------------------------------------------------
# Vivado v2017.2.1 (64-bit)
# SW Build 1909853 on Thu Jun 15 18:39:09 MDT 2017
# IP Build 1948039 on Wed Aug  9 18:19:28 MDT 2017
# Start of session at: Wed Oct 25 00:14:35 2017
# Process ID: 3088
# Current directory: C:/Users/Torgeir Leithe/Google Drive/stor-skole/TFE4141 Design av digitale system 1/RSA/Git/DD1_project/VHDL-code/Shell
# Command line: vivado.exe -gui_launcher_event rodinguilauncherevent6500 C:\Users\Torgeir Leithe\Google Drive\stor-skole\TFE4141 Design av digitale system 1\RSA\Git\DD1_project\VHDL-code\Shell\Shell.xpr
# Log file: C:/Users/Torgeir Leithe/Google Drive/stor-skole/TFE4141 Design av digitale system 1/RSA/Git/DD1_project/VHDL-code/Shell/vivado.log
# Journal file: C:/Users/Torgeir Leithe/Google Drive/stor-skole/TFE4141 Design av digitale system 1/RSA/Git/DD1_project/VHDL-code/Shell\vivado.jou
#-----------------------------------------------------------
start_gui
open_project {C:/Users/Torgeir Leithe/Google Drive/stor-skole/TFE4141 Design av digitale system 1/RSA/Git/DD1_project/VHDL-code/Shell/Shell.xpr}
synth_design -rtl -name rtl_1
launch_runs synth_1 -jobs 2
wait_on_run synth_1
refresh_design
reset_run synth_1
launch_runs synth_1 -jobs 2
wait_on_run synth_1
report_methodology -name ultrafast_methodology_1 -checks {XDCH-2 XDCH-1 XDCC-8 XDCC-7 XDCC-6 XDCC-5 XDCC-4 XDCC-3 XDCC-2 XDCC-1 XDCB-5 XDCB-4 XDCB-3 XDCB-2 XDCB-1 CLKC-53 CLKC-9 CLKC-5 CLKC-38 CLKC-37 CLKC-36 CLKC-35 CLKC-4 CLKC-18 CLKC-3 CLKC-2 CLKC-1 HPDR-1 RRRS-1 RROR-1 ROAS-1 RMOR-1 RMIR-1 RFTL-1 RFRC-1 RFRA-1 RFFI-1 RFFH-1 RFCF-1 RCCL-1 RCBG-1 RAMP-1 RAMF-1 RAMD-1 RAKN-1}
report_drc -name drc_1 -ruledecks {default}
report_ssn -name ssn_1
launch_simulation
source RSACoreTestBench.tcl
run 163.83 us
reset_run synth_1
launch_runs impl_1 -jobs 2
wait_on_run impl_1
relaunch_sim
run 163.83 us
run 163.83 us
run 163.83 us
run 163.83 us
run 163.83 us
reset_run synth_1
launch_runs synth_1 -jobs 2
wait_on_run synth_1
run 163.83 us
run 163.83 us
restart
run 163.83 us
refresh_design
relaunch_sim
run 163.83 us
relaunch_sim
run 163.83 us
relaunch_sim
run 163.83 us
relaunch_sim
relaunch_sim
relaunch_sim
relaunch_sim
run 163.83 us
reset_run synth_1
launch_runs synth_1 -jobs 2
wait_on_run synth_1
reset_run synth_1
close_sim
