#-----------------------------------------------------------
# Vivado v2017.2.1 (64-bit)
# SW Build 1909853 on Thu Jun 15 18:39:09 MDT 2017
# IP Build 1948039 on Wed Aug  9 18:19:28 MDT 2017
# Start of session at: Sat Oct 21 17:29:20 2017
# Process ID: 15996
# Current directory: C:/Users/Torgeir Leithe/Google Drive/stor-skole/TFE4141 Design av digitale system 1/RSA/MonPro/MonPro
# Command line: vivado.exe -gui_launcher_event rodinguilauncherevent8780 C:\Users\Torgeir Leithe\Google Drive\stor-skole\TFE4141 Design av digitale system 1\RSA\MonPro\MonPro\MonPro.xpr
# Log file: C:/Users/Torgeir Leithe/Google Drive/stor-skole/TFE4141 Design av digitale system 1/RSA/MonPro/MonPro/vivado.log
# Journal file: C:/Users/Torgeir Leithe/Google Drive/stor-skole/TFE4141 Design av digitale system 1/RSA/MonPro/MonPro\vivado.jou
#-----------------------------------------------------------
start_gui
open_project {C:/Users/Torgeir Leithe/Google Drive/stor-skole/TFE4141 Design av digitale system 1/RSA/MonPro/MonPro/MonPro.xpr}
set_property source_mgmt_mode None [current_project]
create_run impl_2 -parent_run synth_1 -flow {Vivado Implementation 2017} -strategy {Vivado Implementation Defaults}
current_run [get_runs impl_2]
set_property target_language VHDL [current_project]
launch_simulation -mode post-synthesis -type functional
open_wave_config C:/Users/Torgeir
open_wave_config Leithe/Google
open_wave_config Drive/stor-skole/TFE4141
open_wave_config Design
open_wave_config av
open_wave_config digitale
open_wave_config system
open_wave_config 1/RSA/MonPro/MonPro/MonPro_tb_func_synth.wcfg
source MonPro_tb.tcl
restart
run 1.4 us
restart
run 1.4 us
restart
run 1.4 us
synth_design -rtl -name rtl_1
reset_run synth_1
launch_runs synth_1 -jobs 2
wait_on_run synth_1
current_design synth_1
report_timing_summary -delay_type min_max -report_unconstrained -check_timing_verbose -max_paths 10 -input_pins -name timing_1
refresh_design
launch_simulation -mode post-synthesis -type timing
open_wave_config C:/Users/Torgeir
open_wave_config Leithe/Google
open_wave_config Drive/stor-skole/TFE4141
open_wave_config Design
open_wave_config av
open_wave_config digitale
open_wave_config system
open_wave_config 1/RSA/MonPro/MonPro/MonPro_tb_func_synth.wcfg
source MonPro_tb.tcl
close_sim
close_sim
