#-----------------------------------------------------------
# Vivado v2017.3 (64-bit)
# SW Build 2018833 on Wed Oct  4 19:58:22 MDT 2017
# IP Build 2016188 on Wed Oct  4 21:52:56 MDT 2017
# Start of session at: Wed Oct 25 13:12:27 2017
# Process ID: 15884
# Current directory: C:/Users/Torgeir Leithe/Google Drive/stor-skole/TFE4141 Design av digitale system 1/RSA/Git/DD1_project/VHDL-code/ModExp
# Command line: vivado.exe -gui_launcher_event rodinguilauncherevent16164 C:\Users\Torgeir Leithe\Google Drive\stor-skole\TFE4141 Design av digitale system 1\RSA\Git\DD1_project\VHDL-code\ModExp\ModExp.xpr
# Log file: C:/Users/Torgeir Leithe/Google Drive/stor-skole/TFE4141 Design av digitale system 1/RSA/Git/DD1_project/VHDL-code/ModExp/vivado.log
# Journal file: C:/Users/Torgeir Leithe/Google Drive/stor-skole/TFE4141 Design av digitale system 1/RSA/Git/DD1_project/VHDL-code/ModExp\vivado.jou
#-----------------------------------------------------------
start_gui
open_project {C:/Users/Torgeir Leithe/Google Drive/stor-skole/TFE4141 Design av digitale system 1/RSA/Git/DD1_project/VHDL-code/ModExp/ModExp.xpr}
reset_run synth_1
launch_runs synth_1 -jobs 2
wait_on_run synth_1
reset_run synth_1
launch_runs synth_1 -jobs 2
wait_on_run synth_1
open_run synth_1 -name synth_1
launch_runs impl_1 -jobs 2
wait_on_run impl_1
launch_simulation
open_wave_config {C:/Users/Torgeir Leithe/Google Drive/stor-skole/TFE4141 Design av digitale system 1/RSA/Git/DD1_project/VHDL-code/ModExp/ModExp_tb_behav.wcfg}
source ModExp_tb.tcl
restart
run 163.83 us
run 163.83 us
close_sim
