#-----------------------------------------------------------
# Webtalk v2017.2.1 (64-bit)
# SW Build 1909853 on Thu Jun 15 18:39:09 MDT 2017
# IP Build 1948039 on Wed Aug  9 18:19:28 MDT 2017
# Start of session at: Mon Oct 23 17:23:31 2017
# Process ID: 12648
# Current directory: C:/Users/Torgeir Leithe/Google Drive/stor-skole/TFE4141 Design av digitale system 1/RSA/MonPro/ModExp/ModExp.sim/sim_1/behav
# Command line: wbtcv.exe -mode batch -source C:/Users/Torgeir Leithe/Google Drive/stor-skole/TFE4141 Design av digitale system 1/RSA/MonPro/ModExp/ModExp.sim/sim_1/behav/xsim.dir/ModExp_tb_behav/webtalk/xsim_webtalk.tcl -notrace
# Log file: C:/Users/Torgeir Leithe/Google Drive/stor-skole/TFE4141 Design av digitale system 1/RSA/MonPro/ModExp/ModExp.sim/sim_1/behav/webtalk.log
# Journal file: C:/Users/Torgeir Leithe/Google Drive/stor-skole/TFE4141 Design av digitale system 1/RSA/MonPro/ModExp/ModExp.sim/sim_1/behav\webtalk.jou
#-----------------------------------------------------------
source C:/Users/Torgeir -notrace
